
  .   ____          _            __ _ _
 /\\ / ___'_ __ _ _(_)_ __  __ _ \ \ \ \
( ( )\___ | '_ | '_| | '_ \/ _` | \ \ \ \
 \\/  ___)| |_)| | | | | || (_| |  ) ) ) )
  '  |____| .__|_| |_|_| |_\__, | / / / /
 =========|_|==============|___/=/_/_/_/

 :: Spring Boot ::                (v3.5.7)

2025-12-10T14:30:28.646-08:00  INFO 484115 --- [           main] e.c.c.s.StudentNestApplication           : Starting StudentNestApplication v0.0.1-SNAPSHOT using Java 21.0.9 with PID 484115 (/home/puggu/StudentNest/backend/target/student_nest-0.0.1-SNAPSHOT.jar started by puggu in /home/puggu/StudentNest/backend)
2025-12-10T14:30:28.648-08:00  INFO 484115 --- [           main] e.c.c.s.StudentNestApplication           : No active profile set, falling back to 1 default profile: "default"
2025-12-10T14:30:29.276-08:00  INFO 484115 --- [           main] .s.d.r.c.RepositoryConfigurationDelegate : Bootstrapping Spring Data JPA repositories in DEFAULT mode.
2025-12-10T14:30:29.323-08:00  INFO 484115 --- [           main] .s.d.r.c.RepositoryConfigurationDelegate : Finished Spring Data repository scanning in 40 ms. Found 8 JPA repository interfaces.
2025-12-10T14:30:29.688-08:00  INFO 484115 --- [           main] o.s.b.w.embedded.tomcat.TomcatWebServer  : Tomcat initialized with port 8080 (http)
2025-12-10T14:30:29.698-08:00  INFO 484115 --- [           main] o.apache.catalina.core.StandardService   : Starting service [Tomcat]
2025-12-10T14:30:29.699-08:00  INFO 484115 --- [           main] o.apache.catalina.core.StandardEngine    : Starting Servlet engine: [Apache Tomcat/10.1.48]
2025-12-10T14:30:29.717-08:00  INFO 484115 --- [           main] o.a.c.c.C.[Tomcat].[localhost].[/]       : Initializing Spring embedded WebApplicationContext
2025-12-10T14:30:29.718-08:00  INFO 484115 --- [           main] w.s.c.ServletWebServerApplicationContext : Root WebApplicationContext: initialization completed in 1041 ms
2025-12-10T14:30:29.858-08:00  INFO 484115 --- [           main] o.hibernate.jpa.internal.util.LogHelper  : HHH000204: Processing PersistenceUnitInfo [name: default]
2025-12-10T14:30:29.906-08:00  INFO 484115 --- [           main] org.hibernate.Version                    : HHH000412: Hibernate ORM core version 6.6.33.Final
2025-12-10T14:30:29.933-08:00  INFO 484115 --- [           main] o.h.c.internal.RegionFactoryInitiator    : HHH000026: Second-level cache disabled
2025-12-10T14:30:30.120-08:00  INFO 484115 --- [           main] o.s.o.j.p.SpringPersistenceUnitInfo      : No LoadTimeWeaver setup: ignoring JPA class transformer
2025-12-10T14:30:30.143-08:00  INFO 484115 --- [           main] com.zaxxer.hikari.HikariDataSource       : HikariPool-1 - Starting...
2025-12-10T14:30:30.910-08:00  INFO 484115 --- [           main] com.zaxxer.hikari.pool.HikariPool        : HikariPool-1 - Added connection com.mysql.cj.jdbc.ConnectionImpl@3a7469ca
2025-12-10T14:30:30.912-08:00  INFO 484115 --- [           main] com.zaxxer.hikari.HikariDataSource       : HikariPool-1 - Start completed.
2025-12-10T14:30:31.108-08:00  INFO 484115 --- [           main] org.hibernate.orm.connections.pooling    : HHH10001005: Database info:
	Database JDBC URL [Connecting through datasource 'HikariDataSource (HikariPool-1)']
	Database driver: undefined/unknown
	Database version: 8.0.44
	Autocommit mode: undefined/unknown
	Isolation level: undefined/unknown
	Minimum pool size: undefined/unknown
	Maximum pool size: undefined/unknown
2025-12-10T14:30:31.393-08:00  WARN 484115 --- [           main] org.hibernate.mapping.RootClass          : HHH000038: Composite-id class does not override equals(): edu.csulb.cecs491b.studentnest.entity.EnrollmentID
2025-12-10T14:30:31.393-08:00  WARN 484115 --- [           main] org.hibernate.mapping.RootClass          : HHH000039: Composite-id class does not override hashCode(): edu.csulb.cecs491b.studentnest.entity.EnrollmentID
2025-12-10T14:30:31.873-08:00  INFO 484115 --- [           main] o.h.e.t.j.p.i.JtaPlatformInitiator       : HHH000489: No JTA platform available (set 'hibernate.transaction.jta.platform' to enable JTA platform integration)
Hibernate: 
    alter table students 
       modify column major enum ('BUSINESS','COMPUTER_SCIENCE','ELECTRICAL_ENGINEERING','INFORMATION_SYSTEMS','MECHANICAL_ENGINEERING','UNDECLARED') not null
Hibernate: 
    alter table users 
       modify column status enum ('ACTIVE','INACTIVE','LOCKED') not null
2025-12-10T14:30:33.997-08:00  INFO 484115 --- [           main] j.LocalContainerEntityManagerFactoryBean : Initialized JPA EntityManagerFactory for persistence unit 'default'
2025-12-10T14:30:34.479-08:00  WARN 484115 --- [           main] JpaBaseConfiguration$JpaWebConfiguration : spring.jpa.open-in-view is enabled by default. Therefore, database queries may be performed during view rendering. Explicitly configure spring.jpa.open-in-view to disable this warning
2025-12-10T14:30:34.496-08:00  INFO 484115 --- [           main] o.s.b.a.w.s.WelcomePageHandlerMapping    : Adding welcome page: class path resource [static/index.html]
2025-12-10T14:30:34.636-08:00  INFO 484115 --- [           main] r$InitializeUserDetailsManagerConfigurer : Global AuthenticationManager configured with UserDetailsService bean with name dbUserDetailsService
2025-12-10T14:30:34.927-08:00  INFO 484115 --- [           main] o.s.b.w.embedded.tomcat.TomcatWebServer  : Tomcat started on port 8080 (http) with context path '/'
2025-12-10T14:30:34.940-08:00  INFO 484115 --- [           main] e.c.c.s.StudentNestApplication           : Started StudentNestApplication in 6.627 seconds (process running for 7.027)
Hibernate: 
    select
        u1_0.usrid,
        u1_0.user_type,
        u1_0.email,
        u1_0.first_name,
        u1_0.last_name,
        u1_0.password,
        u1_0.status,
        u1_1.permissions,
        u1_1.role_title,
        u1_2.building,
        u1_2.contact_email,
        u1_2.department_id,
        u1_2.phone_number,
        u1_2.room_number,
        u1_3.department_id,
        u1_3.office,
        u1_4.enrollment_status,
        u1_4.enrollment_year,
        u1_4.gpa,
        u1_4.major 
    from
        users u1_0 
    left join
        admins u1_1 
            on u1_0.usrid=u1_1.usrid 
    left join
        department_chairs u1_2 
            on u1_0.usrid=u1_2.usrid 
    left join
        professors u1_3 
            on u1_0.usrid=u1_3.usrid 
    left join
        students u1_4 
            on u1_0.usrid=u1_4.usrid 
    where
        u1_0.email=?
✔ System admin already exists
2025-12-10T14:30:38.153-08:00  INFO 484115 --- [nio-8080-exec-1] o.a.c.c.C.[Tomcat].[localhost].[/]       : Initializing Spring DispatcherServlet 'dispatcherServlet'
2025-12-10T14:30:38.153-08:00  INFO 484115 --- [nio-8080-exec-1] o.s.web.servlet.DispatcherServlet        : Initializing Servlet 'dispatcherServlet'
2025-12-10T14:30:38.155-08:00  INFO 484115 --- [nio-8080-exec-1] o.s.web.servlet.DispatcherServlet        : Completed initialization in 2 ms
Hibernate: 
    select
        u1_0.usrid,
        u1_0.user_type,
        u1_0.email,
        u1_0.first_name,
        u1_0.last_name,
        u1_0.password,
        u1_0.status,
        u1_1.permissions,
        u1_1.role_title,
        u1_2.building,
        u1_2.contact_email,
        u1_2.department_id,
        u1_2.phone_number,
        u1_2.room_number,
        u1_3.department_id,
        u1_3.office,
        u1_4.enrollment_status,
        u1_4.enrollment_year,
        u1_4.gpa,
        u1_4.major 
    from
        users u1_0 
    left join
        admins u1_1 
            on u1_0.usrid=u1_1.usrid 
    left join
        department_chairs u1_2 
            on u1_0.usrid=u1_2.usrid 
    left join
        professors u1_3 
            on u1_0.usrid=u1_3.usrid 
    left join
        students u1_4 
            on u1_0.usrid=u1_4.usrid 
    where
        u1_0.email=?
Hibernate: 
    select
        u1_0.usrid,
        u1_0.user_type,
        u1_0.email,
        u1_0.first_name,
        u1_0.last_name,
        u1_0.password,
        u1_0.status,
        u1_1.permissions,
        u1_1.role_title,
        u1_2.building,
        u1_2.contact_email,
        u1_2.department_id,
        u1_2.phone_number,
        u1_2.room_number,
        u1_3.department_id,
        u1_3.office,
        u1_4.enrollment_status,
        u1_4.enrollment_year,
        u1_4.gpa,
        u1_4.major 
    from
        users u1_0 
    left join
        admins u1_1 
            on u1_0.usrid=u1_1.usrid 
    left join
        department_chairs u1_2 
            on u1_0.usrid=u1_2.usrid 
    left join
        professors u1_3 
            on u1_0.usrid=u1_3.usrid 
    left join
        students u1_4 
            on u1_0.usrid=u1_4.usrid 
    where
        u1_0.usrid=?
Hibernate: 
    select
        u1_0.usrid,
        u1_0.user_type,
        u1_0.email,
        u1_0.first_name,
        u1_0.last_name,
        u1_0.password,
        u1_0.status,
        u1_1.permissions,
        u1_1.role_title,
        u1_2.building,
        u1_2.contact_email,
        u1_2.department_id,
        u1_2.phone_number,
        u1_2.room_number,
        u1_3.department_id,
        u1_3.office,
        u1_4.enrollment_status,
        u1_4.enrollment_year,
        u1_4.gpa,
        u1_4.major 
    from
        users u1_0 
    left join
        admins u1_1 
            on u1_0.usrid=u1_1.usrid 
    left join
        department_chairs u1_2 
            on u1_0.usrid=u1_2.usrid 
    left join
        professors u1_3 
            on u1_0.usrid=u1_3.usrid 
    left join
        students u1_4 
            on u1_0.usrid=u1_4.usrid 
    where
        u1_0.email=?
Hibernate: 
    select
        u1_0.usrid,
        u1_0.user_type,
        u1_0.email,
        u1_0.first_name,
        u1_0.last_name,
        u1_0.password,
        u1_0.status,
        u1_1.permissions,
        u1_1.role_title,
        u1_2.building,
        u1_2.contact_email,
        u1_2.department_id,
        u1_2.phone_number,
        u1_2.room_number,
        u1_3.department_id,
        u1_3.office,
        u1_4.enrollment_status,
        u1_4.enrollment_year,
        u1_4.gpa,
        u1_4.major 
    from
        users u1_0 
    left join
        admins u1_1 
            on u1_0.usrid=u1_1.usrid 
    left join
        department_chairs u1_2 
            on u1_0.usrid=u1_2.usrid 
    left join
        professors u1_3 
            on u1_0.usrid=u1_3.usrid 
    left join
        students u1_4 
            on u1_0.usrid=u1_4.usrid 
    where
        u1_0.usrid=?
2025-12-10T14:33:03.652-08:00  INFO 484115 --- [ionShutdownHook] o.s.b.w.e.tomcat.GracefulShutdown        : Commencing graceful shutdown. Waiting for active requests to complete
2025-12-10T14:33:03.653-08:00  INFO 484115 --- [tomcat-shutdown] o.s.b.w.e.tomcat.GracefulShutdown        : Graceful shutdown complete
2025-12-10T14:33:03.658-08:00  INFO 484115 --- [ionShutdownHook] j.LocalContainerEntityManagerFactoryBean : Closing JPA EntityManagerFactory for persistence unit 'default'
2025-12-10T14:33:03.660-08:00  INFO 484115 --- [ionShutdownHook] com.zaxxer.hikari.HikariDataSource       : HikariPool-1 - Shutdown initiated...
2025-12-10T14:33:03.664-08:00  INFO 484115 --- [ionShutdownHook] com.zaxxer.hikari.HikariDataSource       : HikariPool-1 - Shutdown completed.
